...............                                                          [100%]
15 passed in 4.55s
